// Jest Snapshot v1, https://goo.gl/fbAQLP

exports[`renders correctly 1`] = `
<LEGACY_RNCViewPager
  initialPage={0}
  layoutDirection="ltr"
  onMoveShouldSetResponderCapture={[Function]}
  onPageScroll={[Function]}
  onPageScrollStateChanged={[Function]}
  onPageSelected={[Function]}
  style={
    {
      "alignItems": "center",
      "flex": 1,
      "justifyContent": "center",
    }
  }
  testID="Onboarding-PagerView"
  useLegacy={true}
>
  <View
    collapsable={false}
    style={
      {
        "bottom": 0,
        "left": 0,
        "position": "absolute",
        "right": 0,
        "top": 0,
      }
    }
  >
    <View
      accessibilityIgnoresInvertColors={true}
      style={
        [
          {
            "flex": 1,
            "justifyContent": "flex-start",
          },
          {
            "backgroundColor": "#C5C5C5",
          },
        ]
      }
    >
      <Image
        source={
          {
            "default": "",
          }
        }
        style={
          [
            {
              "bottom": 0,
              "left": 0,
              "position": "absolute",
              "right": 0,
              "top": 0,
            },
            {
              "height": undefined,
              "width": undefined,
            },
            {
              "resizeMode": "contain",
            },
          ]
        }
      />
      <RCTSafeAreaView
        style={
          {
            "flex": 1,
          }
        }
      >
        <View
          style={
            {
              "alignItems": "center",
              "flex": 1,
              "justifyContent": "flex-start",
              "paddingTop": "20%",
            }
          }
        >
          <Text
            style={
              {
                "color": "white",
                "fontSize": 24,
                "marginBottom": 20,
              }
            }
          >
            Welcome to PetFinder
          </Text>
        </View>
        <View
          style={
            {
              "alignItems": "center",
              "flex": 1,
              "justifyContent": "flex-end",
              "paddingTop": "20%",
            }
          }
        >
          <Text
            style={
              {
                "color": "white",
                "fontSize": 24,
                "marginBottom": 20,
              }
            }
          >
            Swipe to Continue...
          </Text>
        </View>
      </RCTSafeAreaView>
    </View>
  </View>
  <View
    collapsable={false}
    style={
      {
        "bottom": 0,
        "left": 0,
        "position": "absolute",
        "right": 0,
        "top": 0,
      }
    }
  >
    <View
      accessibilityIgnoresInvertColors={true}
      style={
        [
          {
            "flex": 1,
            "justifyContent": "flex-start",
          },
          {
            "backgroundColor": "#B75D39",
          },
        ]
      }
    >
      <Image
        source={
          {
            "default": "",
          }
        }
        style={
          [
            {
              "bottom": 0,
              "left": 0,
              "position": "absolute",
              "right": 0,
              "top": 0,
            },
            {
              "height": undefined,
              "width": undefined,
            },
            {
              "resizeMode": "contain",
            },
          ]
        }
      />
      <RCTSafeAreaView
        style={
          {
            "flex": 1,
          }
        }
      >
        <View
          style={
            {
              "alignItems": "center",
              "flex": 1,
              "justifyContent": "flex-start",
              "paddingTop": "20%",
            }
          }
        >
          <Text
            style={
              {
                "color": "white",
                "fontSize": 24,
                "marginBottom": 20,
              }
            }
          >
            Where all the Pets are Found!
          </Text>
        </View>
        <View
          style={
            {
              "alignItems": "center",
              "flex": 1,
              "justifyContent": "flex-end",
              "paddingTop": "20%",
            }
          }
        >
          <Text
            style={
              {
                "color": "white",
                "fontSize": 24,
                "marginBottom": 20,
              }
            }
          >
            Adopt, don't Shop!
          </Text>
        </View>
      </RCTSafeAreaView>
    </View>
  </View>
  <View
    collapsable={false}
    style={
      {
        "bottom": 0,
        "left": 0,
        "position": "absolute",
        "right": 0,
        "top": 0,
      }
    }
  >
    <View
      accessibilityIgnoresInvertColors={true}
      style={
        [
          {
            "flex": 1,
            "justifyContent": "flex-start",
          },
          {
            "backgroundColor": "#28AEC7",
          },
        ]
      }
    >
      <Image
        source={
          {
            "default": "",
          }
        }
        style={
          [
            {
              "bottom": 0,
              "left": 0,
              "position": "absolute",
              "right": 0,
              "top": 0,
            },
            {
              "height": undefined,
              "width": undefined,
            },
            {
              "resizeMode": "contain",
            },
          ]
        }
      />
      <RCTSafeAreaView
        style={
          {
            "flex": 1,
          }
        }
      >
        <View
          style={
            {
              "alignItems": "center",
              "flex": 1,
              "justifyContent": "flex-start",
              "paddingTop": "20%",
            }
          }
        >
          <Text
            style={
              {
                "color": "white",
                "fontSize": 24,
                "marginBottom": 20,
              }
            }
          >
            Ready to Find your Pet?
          </Text>
        </View>
        <View
          style={
            {
              "alignItems": "center",
              "flex": 1,
              "justifyContent": "flex-end",
              "paddingTop": "20%",
            }
          }
        >
          <Text
            style={
              {
                "color": "white",
                "fontSize": 24,
                "marginBottom": 20,
              }
            }
          />
          <View
            accessibilityState={
              {
                "busy": undefined,
                "checked": undefined,
                "disabled": undefined,
                "expanded": undefined,
                "selected": undefined,
              }
            }
            accessibilityValue={
              {
                "max": undefined,
                "min": undefined,
                "now": undefined,
                "text": undefined,
              }
            }
            accessible={true}
            collapsable={false}
            focusable={true}
            onClick={[Function]}
            onResponderGrant={[Function]}
            onResponderMove={[Function]}
            onResponderRelease={[Function]}
            onResponderTerminate={[Function]}
            onResponderTerminationRequest={[Function]}
            onStartShouldSetResponder={[Function]}
            style={
              {
                "backgroundColor": "rgba(255,255,255,0.7)",
                "borderRadius": 5,
                "opacity": 1,
                "padding": 10,
              }
            }
          >
            <Text>
              Continue to App
            </Text>
          </View>
        </View>
      </RCTSafeAreaView>
    </View>
  </View>
</LEGACY_RNCViewPager>
`;
