// Jest Snapshot v1, https://goo.gl/fbAQLP

exports[`PetTypes renders correctly 1`] = `
<View
  style={
    {
      "backgroundColor": "#f0f0f0",
      "flex": 1,
      "padding": 20,
    }
  }
>
  <Text
    style={
      {
        "fontSize": 20,
        "fontWeight": "bold",
        "marginBottom": 20,
      }
    }
  >
    Select an Animal Type to Get Started:
  </Text>
  <RCTScrollView
    data={
      [
        {
          "_links": {
            "breeds": {
              "href": "",
            },
            "self": {
              "href": "",
            },
          },
          "coats": [
            "Short",
          ],
          "colors": [
            "Brown",
          ],
          "genders": [
            "Male",
          ],
          "name": "Dog",
        },
        {
          "_links": {
            "breeds": {
              "href": "",
            },
            "self": {
              "href": "",
            },
          },
          "coats": [
            "Long",
          ],
          "colors": [
            "Black",
          ],
          "genders": [
            "Female",
          ],
          "name": "Cat",
        },
        {
          "_links": {
            "breeds": {
              "href": "",
            },
            "self": {
              "href": "",
            },
          },
          "coats": [],
          "colors": [
            "Green",
          ],
          "genders": [
            "Unknown",
          ],
          "name": "Bird",
        },
      ]
    }
    getItem={[Function]}
    getItemCount={[Function]}
    keyExtractor={[Function]}
    onContentSizeChange={[Function]}
    onLayout={[Function]}
    onMomentumScrollBegin={[Function]}
    onMomentumScrollEnd={[Function]}
    onScroll={[Function]}
    onScrollBeginDrag={[Function]}
    onScrollEndDrag={[Function]}
    removeClippedSubviews={false}
    renderItem={[Function]}
    scrollEventThrottle={0.0001}
    stickyHeaderIndices={[]}
    viewabilityConfigCallbackPairs={[]}
  >
    <View>
      <View
        onFocusCapture={[Function]}
        onLayout={[Function]}
        style={null}
      >
        <View
          style={
            {
              "flexDirection": "row",
            }
          }
        >
          <View
            accessibilityState={
              {
                "busy": undefined,
                "checked": undefined,
                "disabled": undefined,
                "expanded": undefined,
                "selected": undefined,
              }
            }
            accessibilityValue={
              {
                "max": undefined,
                "min": undefined,
                "now": undefined,
                "text": undefined,
              }
            }
            accessible={true}
            collapsable={false}
            focusable={true}
            onClick={[Function]}
            onResponderGrant={[Function]}
            onResponderMove={[Function]}
            onResponderRelease={[Function]}
            onResponderTerminate={[Function]}
            onResponderTerminationRequest={[Function]}
            onStartShouldSetResponder={[Function]}
            style={
              {
                "opacity": 1,
              }
            }
          >
            <View
              accessibilityIgnoresInvertColors={true}
              style={
                {
                  "borderRadius": 10,
                  "flex": 1,
                  "height": 150,
                  "justifyContent": "center",
                  "margin": 10,
                  "overflow": "hidden",
                }
              }
            >
              <Image
                source={
                  {
                    "default": "",
                  }
                }
                style={
                  [
                    {
                      "bottom": 0,
                      "left": 0,
                      "position": "absolute",
                      "right": 0,
                      "top": 0,
                    },
                    {
                      "height": 150,
                      "width": undefined,
                    },
                    {
                      "resizeMode": "cover",
                    },
                  ]
                }
              />
              <View
                style={
                  {
                    "alignItems": "center",
                    "backgroundColor": "rgba(0, 0, 0, 0.5)",
                    "flexDirection": "row",
                    "padding": 15,
                  }
                }
              >
                <Text
                  allowFontScaling={false}
                  selectable={false}
                  style={
                    [
                      {
                        "color": "#fff",
                        "fontSize": 20,
                      },
                      {
                        "marginRight": 10,
                      },
                      {
                        "fontFamily": "FontAwesome",
                        "fontStyle": "normal",
                        "fontWeight": "normal",
                      },
                      {},
                    ]
                  }
                >
                  
                </Text>
                <Text
                  style={
                    {
                      "color": "#fff",
                      "fontSize": 16,
                      "marginLeft": 10,
                    }
                  }
                >
                  Dog
                </Text>
              </View>
            </View>
          </View>
          <View
            accessibilityState={
              {
                "busy": undefined,
                "checked": undefined,
                "disabled": undefined,
                "expanded": undefined,
                "selected": undefined,
              }
            }
            accessibilityValue={
              {
                "max": undefined,
                "min": undefined,
                "now": undefined,
                "text": undefined,
              }
            }
            accessible={true}
            collapsable={false}
            focusable={true}
            onClick={[Function]}
            onResponderGrant={[Function]}
            onResponderMove={[Function]}
            onResponderRelease={[Function]}
            onResponderTerminate={[Function]}
            onResponderTerminationRequest={[Function]}
            onStartShouldSetResponder={[Function]}
            style={
              {
                "opacity": 1,
              }
            }
          >
            <View
              accessibilityIgnoresInvertColors={true}
              style={
                {
                  "borderRadius": 10,
                  "flex": 1,
                  "height": 150,
                  "justifyContent": "center",
                  "margin": 10,
                  "overflow": "hidden",
                }
              }
            >
              <Image
                source={
                  {
                    "default": "",
                  }
                }
                style={
                  [
                    {
                      "bottom": 0,
                      "left": 0,
                      "position": "absolute",
                      "right": 0,
                      "top": 0,
                    },
                    {
                      "height": 150,
                      "width": undefined,
                    },
                    {
                      "resizeMode": "cover",
                    },
                  ]
                }
              />
              <View
                style={
                  {
                    "alignItems": "center",
                    "backgroundColor": "rgba(0, 0, 0, 0.5)",
                    "flexDirection": "row",
                    "padding": 15,
                  }
                }
              >
                <Text
                  allowFontScaling={false}
                  selectable={false}
                  style={
                    [
                      {
                        "color": "#fff",
                        "fontSize": 20,
                      },
                      {
                        "marginRight": 10,
                      },
                      {
                        "fontFamily": "FontAwesome",
                        "fontStyle": "normal",
                        "fontWeight": "normal",
                      },
                      {},
                    ]
                  }
                >
                  
                </Text>
                <Text
                  style={
                    {
                      "color": "#fff",
                      "fontSize": 16,
                      "marginLeft": 10,
                    }
                  }
                >
                  Cat
                </Text>
              </View>
            </View>
          </View>
        </View>
      </View>
      <View
        onFocusCapture={[Function]}
        onLayout={[Function]}
        style={null}
      >
        <View
          style={
            {
              "flexDirection": "row",
            }
          }
        >
          <View
            accessibilityState={
              {
                "busy": undefined,
                "checked": undefined,
                "disabled": undefined,
                "expanded": undefined,
                "selected": undefined,
              }
            }
            accessibilityValue={
              {
                "max": undefined,
                "min": undefined,
                "now": undefined,
                "text": undefined,
              }
            }
            accessible={true}
            collapsable={false}
            focusable={true}
            onClick={[Function]}
            onResponderGrant={[Function]}
            onResponderMove={[Function]}
            onResponderRelease={[Function]}
            onResponderTerminate={[Function]}
            onResponderTerminationRequest={[Function]}
            onStartShouldSetResponder={[Function]}
            style={
              {
                "opacity": 1,
              }
            }
          >
            <View
              accessibilityIgnoresInvertColors={true}
              style={
                {
                  "borderRadius": 10,
                  "flex": 1,
                  "height": 150,
                  "justifyContent": "center",
                  "margin": 10,
                  "overflow": "hidden",
                }
              }
            >
              <Image
                source={
                  {
                    "default": "",
                  }
                }
                style={
                  [
                    {
                      "bottom": 0,
                      "left": 0,
                      "position": "absolute",
                      "right": 0,
                      "top": 0,
                    },
                    {
                      "height": 150,
                      "width": undefined,
                    },
                    {
                      "resizeMode": "cover",
                    },
                  ]
                }
              />
              <View
                style={
                  {
                    "alignItems": "center",
                    "backgroundColor": "rgba(0, 0, 0, 0.5)",
                    "flexDirection": "row",
                    "padding": 15,
                  }
                }
              >
                <Text
                  allowFontScaling={false}
                  selectable={false}
                  style={
                    [
                      {
                        "color": "#fff",
                        "fontSize": 20,
                      },
                      {
                        "marginRight": 10,
                      },
                      {
                        "fontFamily": "FontAwesome",
                        "fontStyle": "normal",
                        "fontWeight": "normal",
                      },
                      {},
                    ]
                  }
                >
                  
                </Text>
                <Text
                  style={
                    {
                      "color": "#fff",
                      "fontSize": 16,
                      "marginLeft": 10,
                    }
                  }
                >
                  Bird
                </Text>
              </View>
            </View>
          </View>
        </View>
      </View>
    </View>
  </RCTScrollView>
</View>
`;
